// Jest Snapshot v1, https://goo.gl/fbAQLP

exports[`should render checkout component 1`] = `
<DocumentFragment>
  <div
    class="container"
  >
    <h2>
      Podumowanie
    </h2>
    <form
      class=""
    >
      <h3>
        Dane do wysyłki
      </h3>
      <fieldset>
        <div>
          <label
            class="form-label"
            for="name"
          >
            Imię
          </label>
          <input
            class="form-control"
            id="name"
            minlength="3"
            pattern="^[A-Za-z]+$"
            placeholder="Imię"
            required=""
            type="text"
            value=""
          />
          <div
            class="invalid-feedback"
          >
            Imię powinno być dłuższe niż 2 litery oraz zawierać tylko litery alfabetu
          </div>
        </div>
        <div>
          <label
            class="form-label"
            for="surname"
          >
            Nazwisko
          </label>
          <input
            class="form-control"
            id="surname"
            minlength="2"
            pattern="^[A-Za-z]+$"
            placeholder="Nazwisko"
            required=""
            type="text"
            value=""
          />
          <div
            class="invalid-feedback"
          >
            Nazwisko powinno być dłuższe niż 2 litery oraz zawierać tylko litery alfabetu
          </div>
        </div>
        <div>
          <label
            class="form-label"
            for="town"
          >
            Miejscowość
          </label>
          <input
            class="form-control"
            id="town"
            minlength="2"
            pattern="^[a-zA-Z0-9-\\\\s]+$"
            placeholder="Miejscowość"
            required=""
            type="text"
            value=""
          />
          <div
            class="invalid-feedback"
          >
            Nazwa miejscowości powinna składać się z co najmniej 2 znaków alfanumerycznych
          </div>
        </div>
        <div>
          <label
            class="form-label"
            for="postalCode"
          >
            Kod pocztowy
          </label>
          <input
            class="form-control"
            id="postalCode"
            pattern="^[0-9]{2}-[0-9]{3}$"
            placeholder="dd-ddd"
            required=""
            type="postalCode"
            value=""
          />
          <small
            class="form-text"
          />
          <div
            class="invalid-feedback"
          >
            Poprawny format kodu pocztowego to dd-ddd (d oznacza cyfrę)
          </div>
        </div>
      </fieldset>
      <button
        class="btn btn-primary"
        style="width: 100%; margin-top: 2rem;"
        type="submit"
      >
        ZAMAWIAM I PŁACĘ
      </button>
    </form>
  </div>
</DocumentFragment>
`;
